
> juju-shareholder-analyzer-v2@2.0.0 build
> vite build

[36mvite v7.3.0 [32mbuilding ssr environment for production...[36m[39m
transforming...
node.exe : ?ㅼ쟾 12:11:14 [vite-plugin-svelte] src/lib/components/RunSummary.s
velte:216:41 Using `on:click` to listen to the click event is deprecated. Us
e the event attribute `onclick` instead
위치 줄:1 문자:1
+ & "C:\Program Files\nodejs/node.exe" "C:\Program Files\nodejs/node_mo ...
+ ~~~~~~~~~~~~~~~~~~~~~~~~~~~~~~~~~~~~~~~~~~~~~~~~~~~~~~~~~~~~~~~~~~~~~
    + CategoryInfo          : NotSpecified: (?ㅼ쟾 12:11:14 [v...nclick` inst 
   ead:String) [], RemoteException
    + FullyQualifiedErrorId : NativeCommandError
 
https://svelte.dev/e/event_directive_deprecated
214:                 <div class="spinner"></div>
215:                 <p>AI媛 二쇱＜紐낅?瑜?遺꾩꽍?섍퀬 ?덉뒿?덈떎...</p>
216:                 <button class="stop-btn" on:click={handleForceStop}>
                                                                        ^
217:                     <span>??/span> 媛뺤젣 以묐떒
218:                 </button>
[33m"dirname" is imported from external module "path" but never used in "sr
c/lib/server/storage.ts".[39m
[33m"default" is imported from external module "os" but never used in "src/
lib/server/storage.ts".[39m
[32m??[39m 237 modules transformed.
rendering chunks...
[36mvite v7.3.0 [32mbuilding client environment for production...[36m[39m
transforming...
?ㅼ쟾 12:11:21 [vite-plugin-svelte] src/lib/components/RunSummary.svelte:216:4
1 Using `on:click` to listen to the click event is deprecated. Use the event
 attribute `onclick` instead
https://svelte.dev/e/event_directive_deprecated
214:                 <div class="spinner"></div>
215:                 <p>AI媛 二쇱＜紐낅?瑜?遺꾩꽍?섍퀬 ?덉뒿?덈떎...</p>
216:                 <button class="stop-btn" on:click={handleForceStop}>
                                                                        ^
217:                     <span>??/span> 媛뺤젣 以묐떒
218:                 </button>
[32m??[39m 177 modules transformed.
rendering chunks...
computing gzip size...
[2m.svelte-kit/output/client/[22m[32m_app/version.json                       [39m[1m[2m 0.03 kB[22m[1m[22m[2m ??gzip: 0.05 kB[22m
[2m.svelte-kit/output/client/[22m[32m.vite/manifest.json                     [39m[1m[2m 7.25 kB[22m[1m[22m[2m ??gzip: 1.04 kB[22m
[2m.svelte-kit/output/client/[22m[35m_app/immutable/assets/3.DqNYDKwX.css    [39m[1m[2m 3.10 kB[22m[1m[22m[2m ??gzip: 0.95 kB[22m
[2m.svelte-kit/output/client/[22m[35m_app/immutable/assets/5.B5MNMlqV.css    [39m[1m[2m 5.27 kB[22m[1m[22m[2m ??gzip: 1.56 kB[22m
[2m.svelte-kit/output/client/[22m[35m_app/immutable/assets/4.ZtG7XjmW.css    [39m[1m[2m 5.42 kB[22m[1m[22m[2m ??gzip: 1.46 kB[22m
[2m.svelte-kit/output/client/[22m[35m_app/immutable/assets/0.Bx_6e1k6.css    [39m[1m[2m 7.90 kB[22m[1m[22m[2m ??gzip: 2.34 kB[22m
[2m.svelte-kit/output/client/[22m[35m_app/immutable/assets/2.lqn0Guut.css    [39m[1m[2m11.27 kB[22m[1m[22m[2m ??gzip: 2.55 kB[22m
[2m.svelte-kit/output/client/[22m[35m_app/immutable/assets/6.1bgb0zAZ.css    [39m[1m[2m15.12 kB[22m[1m[22m[2m ??gzip: 3.45 kB[22m
[2m.svelte-kit/output/client/[22m[36m_app/immutable/entry/start.Qb9DXTvW.js  [39m[1m[2m 0.12 kB[22m[1m[22m[2m ??gzip: 0.11 kB[22m
[2m.svelte-kit/output/client/[22m[36m_app/immutable/chunks/CMOAl5PW.js       [39m[1m[2m 0.23 kB[22m[1m[22m[2m ??gzip: 0.16 kB[22m
[2m.svelte-kit/output/client/[22m[36m_app/immutable/chunks/DBF5fDm3.js       [39m[1m[2m 0.26 kB[22m[1m[22m[2m ??gzip: 0.20 kB[22m
[2m.svelte-kit/output/client/[22m[36m_app/immutable/chunks/DWgz6_pr.js       [39m[1m[2m 0.30 kB[22m[1m[22m[2m ??gzip: 0.22 kB[22m
[2m.svelte-kit/output/client/[22m[36m_app/immutable/chunks/BClXZAvP.js       [39m[1m[2m 0.37 kB[22m[1m[22m[2m ??gzip: 0.28 kB[22m
[2m.svelte-kit/output/client/[22m[36m_app/immutable/chunks/DutiWFlf.js       [39m[1m[2m 0.37 kB[22m[1m[22m[2m ??gzip: 0.27 kB[22m
[2m.svelte-kit/output/client/[22m[36m_app/immutable/chunks/bMaaFKFu.js       [39m[1m[2m 0.38 kB[22m[1m[22m[2m ??gzip: 0.28 kB[22m
[2m.svelte-kit/output/client/[22m[36m_app/immutable/chunks/DkPbIObf.js       [39m[1m[2m 0.41 kB[22m[1m[22m[2m ??gzip: 0.29 kB[22m
[2m.svelte-kit/output/client/[22m[36m_app/immutable/chunks/BpXu-AwL.js       [39m[1m[2m 0.60 kB[22m[1m[22m[2m ??gzip: 0.38 kB[22m
[2m.svelte-kit/output/client/[22m[36m_app/immutable/chunks/CGW0x3GZ.js       [39m[1m[2m 0.93 kB[22m[1m[22m[2m ??gzip: 0.54 kB[22m
[2m.svelte-kit/output/client/[22m[36m_app/immutable/chunks/CdUmWQ2x.js       [39m[1m[2m 0.93 kB[22m[1m[22m[2m ??gzip: 0.55 kB[22m
[2m.svelte-kit/output/client/[22m[36m_app/immutable/nodes/1.TsZ7RdDY.js      [39m[1m[2m 1.05 kB[22m[1m[22m[2m ??gzip: 0.60 kB[22m
[2m.svelte-kit/output/client/[22m[36m_app/immutable/chunks/BBRm6FWo.js       [39m[1m[2m 1.06 kB[22m[1m[22m[2m ??gzip: 0.61 kB[22m
[2m.svelte-kit/output/client/[22m[36m_app/immutable/chunks/DpPBmpUV.js       [39m[1m[2m 1.53 kB[22m[1m[22m[2m ??gzip: 0.68 kB[22m
[2m.svelte-kit/output/client/[22m[36m_app/immutable/nodes/0.DEY_iwyn.js      [39m[1m[2m 1.65 kB[22m[1m[22m[2m ??gzip: 0.91 kB[22m
[2m.svelte-kit/output/client/[22m[36m_app/immutable/chunks/65CVmo8-.js       [39m[1m[2m 3.82 kB[22m[1m[22m[2m ??gzip: 1.81 kB[22m
[2m.svelte-kit/output/client/[22m[36m_app/immutable/nodes/3.C5KXBnNY.js      [39m[1m[2m 4.25 kB[22m[1m[22m[2m ??gzip: 2.10 kB[22m
[2m.svelte-kit/output/client/[22m[36m_app/immutable/chunks/RFsPMj9B.js       [39m[1m[2m 5.71 kB[22m[1m[22m[2m ??gzip: 2.64 kB[22m
[2m.svelte-kit/output/client/[22m[36m_app/immutable/chunks/DmXYHgI_.js       [39m[1m[2m 5.84 kB[22m[1m[22m[2m ??gzip: 2.65 kB[22m
[2m.svelte-kit/output/client/[22m[36m_app/immutable/entry/app.CSnCrdbz.js    [39m[1m[2m 6.51 kB[22m[1m[22m[2m ??gzip: 2.90 kB[22m
[2m.svelte-kit/output/client/[22m[36m_app/immutable/nodes/4.BntYgy-3.js      [39m[1m[2m 9.56 kB[22m[1m[22m[2m ??gzip: 3.88 kB[22m
[2m.svelte-kit/output/client/[22m[36m_app/immutable/nodes/5.DS-cgdW7.js      [39m[1m[2m11.46 kB[22m[1m[22m[2m ??gzip: 5.21 kB[22m
[2m.svelte-kit/output/client/[22m[36m_app/immutable/nodes/2.DpbS93cm.js      [39m[1m[2m11.52 kB[22m[1m[22m[2m ??gzip: 4.49 kB[22m
[2m.svelte-kit/output/client/[22m[36m_app/immutable/nodes/6.Dyuez3wu.js      [39m[1m[2m17.60 kB[22m[1m[22m[2m ??gzip: 6.94 kB[22m
[2m.svelte-kit/output/client/[22m[36m_app/immutable/chunks/SkxdWQBG.js       [39m[1m[2m20.48 kB[22m[1m[22m[2m ??gzip: 8.19 kB[22m
[2m.svelte-kit/output/client/[22m[36m_app/immutable/chunks/DHxg3U_P.js       [39m[1m[2m23.54 kB[22m[1m[22m[2m ??gzip: 9.26 kB[22m
[32m??built in 3.03s[39m
[2m.svelte-kit/output/server/[22m[32m.vite/manifest.json                                         [39m[1m[2m 10.53 kB[22m[1m[22m
[2m.svelte-kit/output/server/[22m[35m_app/immutable/assets/_page.SSIA2MWm.css                    [39m[1m[2m  0.96 kB[22m[1m[22m
[2m.svelte-kit/output/server/[22m[35m_app/immutable/assets/_page.CjrKEikV.css                    [39m[1m[2m  1.07 kB[22m[1m[22m
[2m.svelte-kit/output/server/[22m[35m_app/immutable/assets/_page.q0oqOD9h.css                    [39m[1m[2m  3.06 kB[22m[1m[22m
[2m.svelte-kit/output/server/[22m[35m_app/immutable/assets/_layout.IH9to6FA.css                  [39m[1m[2m  7.86 kB[22m[1m[22m
[2m.svelte-kit/output/server/[22m[35m_app/immutable/assets/_page.LpfN4cWh.css                    [39m[1m[2m 11.23 kB[22m[1m[22m
[2m.svelte-kit/output/server/[22m[35m_app/immutable/assets/_page.CupPPOlg.css                    [39m[1m[2m 15.08 kB[22m[1m[22m
[2m.svelte-kit/output/server/[22m[36mchunks/false.js                                             [39m[1m[2m  0.04 kB[22m[1m[22m
[2m.svelte-kit/output/server/[22m[36mchunks/index-server.js                                      [39m[1m[2m  0.18 kB[22m[1m[22m
[2m.svelte-kit/output/server/[22m[36mchunks/shared-server.js                                     [39m[1m[2m  0.28 kB[22m[1m[22m
[2m.svelte-kit/output/server/[22m[36mentries/endpoints/api/runs/_id_/logs/_server.ts.js          [39m[1m[2m  0.33 kB[22m[1m[22m
[2m.svelte-kit/output/server/[22m[36minternal.js                                                 [39m[1m[2m  0.38 kB[22m[1m[22m
[2m.svelte-kit/output/server/[22m[36mchunks/state.svelte.js                                      [39m[1m[2m  0.39 kB[22m[1m[22m
[2m.svelte-kit/output/server/[22m[36mentries/endpoints/api/hitl/_id_/_server.ts.js               [39m[1m[2m  0.60 kB[22m[1m[22m
[2m.svelte-kit/output/server/[22m[36mchunks/environment.js                                       [39m[1m[2m  0.62 kB[22m[1m[22m
[2m.svelte-kit/output/server/[22m[36mchunks/stores.js                                            [39m[1m[2m  0.69 kB[22m[1m[22m
[2m.svelte-kit/output/server/[22m[36mentries/endpoints/api/runs/_id_/cancel/_server.ts.js        [39m[1m[2m  0.70 kB[22m[1m[22m
[2m.svelte-kit/output/server/[22m[36mentries/endpoints/api/hitl/_server.ts.js                    [39m[1m[2m  0.75 kB[22m[1m[22m
[2m.svelte-kit/output/server/[22m[36mentries/endpoints/api/system-status/_server.ts.js           [39m[1m[2m  0.84 kB[22m[1m[22m
[2m.svelte-kit/output/server/[22m[36mentries/pages/runs/monitor/_page.svelte.js                  [39m[1m[2m  0.91 kB[22m[1m[22m
[2m.svelte-kit/output/server/[22m[36mentries/endpoints/api/runs/_id_/result/_server.ts.js        [39m[1m[2m  0.98 kB[22m[1m[22m
[2m.svelte-kit/output/server/[22m[36mentries/pages/hitl/_page.svelte.js                          [39m[1m[2m  1.05 kB[22m[1m[22m
[2m.svelte-kit/output/server/[22m[36mentries/fallbacks/error.svelte.js                           [39m[1m[2m  1.09 kB[22m[1m[22m
[2m.svelte-kit/output/server/[22m[36mentries/endpoints/api/runs/_id_/_server.ts.js               [39m[1m[2m  1.10 kB[22m[1m[22m
[2m.svelte-kit/output/server/[22m[36mchunks/utils.js                                             [39m[1m[2m  1.15 kB[22m[1m[22m
[2m.svelte-kit/output/server/[22m[36mentries/pages/hitl/_id_/_page.svelte.js                     [39m[1m[2m  1.25 kB[22m[1m[22m
[2m.svelte-kit/output/server/[22m[36mchunks/index.js                                             [39m[1m[2m  1.43 kB[22m[1m[22m
[2m.svelte-kit/output/server/[22m[36mentries/pages/_layout.svelte.js                             [39m[1m[2m  1.57 kB[22m[1m[22m
[2m.svelte-kit/output/server/[22m[36mentries/endpoints/api/runs/_id_/execute/_server.ts.js       [39m[1m[2m  1.58 kB[22m[1m[22m
[2m.svelte-kit/output/server/[22m[36mentries/endpoints/api/runs/_id_/hitl/resolve/_server.ts.js  [39m[1m[2m  1.81 kB[22m[1m[22m
[2m.svelte-kit/output/server/[22m[36mentries/endpoints/api/runs/_server.ts.js                    [39m[1m[2m  2.22 kB[22m[1m[22m
[2m.svelte-kit/output/server/[22m[36mentries/endpoints/api/runs/_id_/events/_server.ts.js        [39m[1m[2m  2.58 kB[22m[1m[22m
[2m.svelte-kit/output/server/[22m[36mchunks/events.js                                            [39m[1m[2m  2.84 kB[22m[1m[22m
[2m.svelte-kit/output/server/[22m[36mchunks/context.js                                           [39m[1m[2m  2.92 kB[22m[1m[22m
[2m.svelte-kit/output/server/[22m[36mchunks/agentLogger.js                                       [39m[1m[2m  3.15 kB[22m[1m[22m
[2m.svelte-kit/output/server/[22m[36mentries/pages/_page.svelte.js                               [39m[1m[2m  4.05 kB[22m[1m[22m
[2m.svelte-kit/output/server/[22m[36mchunks/converter.js                                         [39m[1m[2m  4.37 kB[22m[1m[22m
[2m.svelte-kit/output/server/[22m[36mchunks/exports.js                                           [39m[1m[2m  5.57 kB[22m[1m[22m
[2m.svelte-kit/output/server/[22m[36mchunks/analyst_agent.js                                     [39m[1m[2m  7.60 kB[22m[1m[22m
[2m.svelte-kit/output/server/[22m[36mentries/pages/runs/_id_/_page.svelte.js                     [39m[1m[2m 14.22 kB[22m[1m[22m
[2m.svelte-kit/output/server/[22m[36mchunks/fast_extractor.js                                    [39m[1m[2m 16.99 kB[22m[1m[22m
[2m.svelte-kit/output/server/[22m[36mchunks/shared.js                                            [39m[1m[2m 17.70 kB[22m[1m[22m
[2m.svelte-kit/output/server/[22m[36mremote-entry.js                                             [39m[1m[2m 18.86 kB[22m[1m[22m
[2m.svelte-kit/output/server/[22m[36mchunks/storage.js                                           [39m[1m[2m 26.46 kB[22m[1m[22m
[2m.svelte-kit/output/server/[22m[36mchunks/internal.js                                          [39m[1m[2m 29.31 kB[22m[1m[22m
[2m.svelte-kit/output/server/[22m[36mchunks/agents.js                                            [39m[1m[2m 33.92 kB[22m[1m[22m
[2m.svelte-kit/output/server/[22m[36mchunks/orchestrator.js                                      [39m[1m[2m 52.32 kB[22m[1m[22m
[2m.svelte-kit/output/server/[22m[36mchunks/index2.js                                            [39m[1m[2m 77.94 kB[22m[1m[22m
[2m.svelte-kit/output/server/[22m[36mindex.js                                                    [39m[1m[2m126.69 kB[22m[1m[22m
[32m??built in 12.84s[39m

Run npm run preview to preview your production build locally.

> Using @sveltejs/adapter-vercel
  Warning: The following modules failed to locate dependencies that may (or may not) be required for your app to work:
  node_modules\@napi-rs\canvas\js-binding.js
    - [1m[36mC:\Gdrive\VIBE_class\JuJu\node_modules\@napi-rs\canvas\skia.a
ndroid-arm64.node[39m[22m
    - [1m[36mC:\Gdrive\VIBE_class\JuJu\node_modules\@napi-rs\canvas\skia.a
ndroid-arm-eabi.node[39m[22m
    - [1m[36mC:\Gdrive\VIBE_class\JuJu\node_modules\@napi-rs\canvas\skia.w
in32-x64-msvc.node[39m[22m
    - [1m[36mC:\Gdrive\VIBE_class\JuJu\node_modules\@napi-rs\canvas\skia.w
in32-x64-gnu.node[39m[22m
    - [1m[36mC:\Gdrive\VIBE_class\JuJu\node_modules\@napi-rs\canvas\skia.w
in32-ia32-msvc.node[39m[22m
    - [1m[36mC:\Gdrive\VIBE_class\JuJu\node_modules\@napi-rs\canvas\skia.w
in32-arm64-msvc.node[39m[22m
    - [1m[36mC:\Gdrive\VIBE_class\JuJu\node_modules\@napi-rs\canvas\skia.d
arwin-x64.node[39m[22m
    - [1m[36mC:\Gdrive\VIBE_class\JuJu\node_modules\@napi-rs\canvas\skia.d
arwin-arm64.node[39m[22m
    - [1m[36mC:\Gdrive\VIBE_class\JuJu\node_modules\@napi-rs\canvas\skia.f
reebsd-x64.node[39m[22m
    - [1m[36mC:\Gdrive\VIBE_class\JuJu\node_modules\@napi-rs\canvas\skia.f
reebsd-arm64.node[39m[22m
    - [1m[36mC:\Gdrive\VIBE_class\JuJu\node_modules\@napi-rs\canvas\skia.l
inux-x64-musl.node[39m[22m
    - [1m[36mC:\Gdrive\VIBE_class\JuJu\node_modules\@napi-rs\canvas\skia.l
inux-x64-gnu.node[39m[22m
    - [1m[36mC:\Gdrive\VIBE_class\JuJu\node_modules\@napi-rs\canvas\skia.l
inux-arm64-musl.node[39m[22m
    - [1m[36mC:\Gdrive\VIBE_class\JuJu\node_modules\@napi-rs\canvas\skia.l
inux-arm64-gnu.node[39m[22m
    - [1m[36mC:\Gdrive\VIBE_class\JuJu\node_modules\@napi-rs\canvas\skia.d
arwin-universal.node[39m[22m
    - [1m[36mC:\Gdrive\VIBE_class\JuJu\node_modules\@napi-rs\canvas\skia.l
inux-arm-musleabihf.node[39m[22m
    - [1m[36mC:\Gdrive\VIBE_class\JuJu\node_modules\@napi-rs\canvas\skia.l
inux-arm-gnueabihf.node[39m[22m
    - [1m[36mC:\Gdrive\VIBE_class\JuJu\node_modules\@napi-rs\canvas\skia.l
inux-loong64-musl.node[39m[22m
    - [1m[36mC:\Gdrive\VIBE_class\JuJu\node_modules\@napi-rs\canvas\skia.l
inux-loong64-gnu.node[39m[22m
    - [1m[36mC:\Gdrive\VIBE_class\JuJu\node_modules\@napi-rs\canvas\skia.l
inux-riscv64-gnu.node[39m[22m
    - [1m[36mC:\Gdrive\VIBE_class\JuJu\node_modules\@napi-rs\canvas\skia.l
inux-riscv64-musl.node[39m[22m
    - [1m[36mC:\Gdrive\VIBE_class\JuJu\node_modules\@napi-rs\canvas\skia.l
inux-ppc64-gnu.node[39m[22m
    - [1m[36mC:\Gdrive\VIBE_class\JuJu\node_modules\@napi-rs\canvas\skia.l
inux-s390x-gnu.node[39m[22m
    - [1m[36mC:\Gdrive\VIBE_class\JuJu\node_modules\@napi-rs\canvas\skia.o
penharmony-arm64.node[39m[22m
    - [1m[36mC:\Gdrive\VIBE_class\JuJu\node_modules\@napi-rs\canvas\skia.o
penharmony-x64.node[39m[22m
    - [1m[36mC:\Gdrive\VIBE_class\JuJu\node_modules\@napi-rs\canvas\skia.o
penharmony-arm.node[39m[22m
    - [1m[36mC:\Gdrive\VIBE_class\JuJu\node_modules\@napi-rs\canvas\skia.w
asi.cjs[39m[22m
    - [1m[36m@napi-rs/canvas-android-arm64[39m[22m
    - [1m[36m@napi-rs/canvas-android-arm-eabi[39m[22m
    - [1m[36m@napi-rs/canvas-win32-x64-gnu[39m[22m
    - [1m[36m@napi-rs/canvas-win32-ia32-msvc[39m[22m
    - [1m[36m@napi-rs/canvas-win32-arm64-msvc[39m[22m
    - [1m[36m@napi-rs/canvas-darwin-x64[39m[22m
    - [1m[36m@napi-rs/canvas-darwin-universal[39m[22m
    - [1m[36m@napi-rs/canvas-freebsd-x64[39m[22m
    - [1m[36m@napi-rs/canvas-darwin-arm64[39m[22m
    - [1m[36m@napi-rs/canvas-freebsd-arm64[39m[22m
    - [1m[36m@napi-rs/canvas-linux-x64-gnu[39m[22m
    - [1m[36m@napi-rs/canvas-linux-x64-musl[39m[22m
    - [1m[36m@napi-rs/canvas-linux-arm64-musl[39m[22m
    - [1m[36m@napi-rs/canvas-linux-arm64-gnu[39m[22m
    - [1m[36m@napi-rs/canvas-linux-arm-musleabihf[39m[22m
    - [1m[36m@napi-rs/canvas-linux-arm-gnueabihf[39m[22m
    - [1m[36m@napi-rs/canvas-linux-loong64-musl[39m[22m
    - [1m[36m@napi-rs/canvas-linux-loong64-gnu[39m[22m
    - [1m[36m@napi-rs/canvas-linux-riscv64-gnu[39m[22m
    - [1m[36m@napi-rs/canvas-linux-riscv64-musl[39m[22m
    - [1m[36m@napi-rs/canvas-linux-ppc64-gnu[39m[22m
    - [1m[36m@napi-rs/canvas-linux-s390x-gnu[39m[22m
    - [1m[36m@napi-rs/canvas-openharmony-arm64[39m[22m
    - [1m[36m@napi-rs/canvas-openharmony-x64[39m[22m
    - [1m[36m@napi-rs/canvas-openharmony-arm[39m[22m
    - [1m[36m@napi-rs/canvas-wasm32-wasi[39m[22m
  node_modules\ws\lib\buffer-util.js
    - [1m[36mbufferutil[39m[22m
  node_modules\ws\lib\validation.js
    - [1m[36mutf-8-validate[39m[22m
  Warning: The following modules failed to locate dependencies that may (or may not) be required for your app to work:
  node_modules\@napi-rs\canvas\js-binding.js
    - [1m[36mC:\Gdrive\VIBE_class\JuJu\node_modules\@napi-rs\canvas\skia.a
ndroid-arm64.node[39m[22m
    - [1m[36mC:\Gdrive\VIBE_class\JuJu\node_modules\@napi-rs\canvas\skia.a
ndroid-arm-eabi.node[39m[22m
    - [1m[36mC:\Gdrive\VIBE_class\JuJu\node_modules\@napi-rs\canvas\skia.w
in32-x64-gnu.node[39m[22m
    - [1m[36mC:\Gdrive\VIBE_class\JuJu\node_modules\@napi-rs\canvas\skia.w
in32-x64-msvc.node[39m[22m
    - [1m[36mC:\Gdrive\VIBE_class\JuJu\node_modules\@napi-rs\canvas\skia.w
in32-ia32-msvc.node[39m[22m
    - [1m[36mC:\Gdrive\VIBE_class\JuJu\node_modules\@napi-rs\canvas\skia.w
in32-arm64-msvc.node[39m[22m
    - [1m[36mC:\Gdrive\VIBE_class\JuJu\node_modules\@napi-rs\canvas\skia.d
arwin-universal.node[39m[22m
    - [1m[36mC:\Gdrive\VIBE_class\JuJu\node_modules\@napi-rs\canvas\skia.d
arwin-x64.node[39m[22m
    - [1m[36mC:\Gdrive\VIBE_class\JuJu\node_modules\@napi-rs\canvas\skia.d
arwin-arm64.node[39m[22m
    - [1m[36mC:\Gdrive\VIBE_class\JuJu\node_modules\@napi-rs\canvas\skia.f
reebsd-x64.node[39m[22m
    - [1m[36mC:\Gdrive\VIBE_class\JuJu\node_modules\@napi-rs\canvas\skia.f
reebsd-arm64.node[39m[22m
    - [1m[36mC:\Gdrive\VIBE_class\JuJu\node_modules\@napi-rs\canvas\skia.l
inux-x64-musl.node[39m[22m
    - [1m[36mC:\Gdrive\VIBE_class\JuJu\node_modules\@napi-rs\canvas\skia.l
inux-x64-gnu.node[39m[22m
    - [1m[36mC:\Gdrive\VIBE_class\JuJu\node_modules\@napi-rs\canvas\skia.l
inux-arm64-musl.node[39m[22m
    - [1m[36mC:\Gdrive\VIBE_class\JuJu\node_modules\@napi-rs\canvas\skia.l
inux-arm64-gnu.node[39m[22m
    - [1m[36mC:\Gdrive\VIBE_class\JuJu\node_modules\@napi-rs\canvas\skia.l
inux-arm-musleabihf.node[39m[22m
    - [1m[36mC:\Gdrive\VIBE_class\JuJu\node_modules\@napi-rs\canvas\skia.l
inux-arm-gnueabihf.node[39m[22m
    - [1m[36mC:\Gdrive\VIBE_class\JuJu\node_modules\@napi-rs\canvas\skia.l
inux-loong64-musl.node[39m[22m
    - [1m[36mC:\Gdrive\VIBE_class\JuJu\node_modules\@napi-rs\canvas\skia.l
inux-loong64-gnu.node[39m[22m
    - [1m[36mC:\Gdrive\VIBE_class\JuJu\node_modules\@napi-rs\canvas\skia.l
inux-riscv64-musl.node[39m[22m
    - [1m[36mC:\Gdrive\VIBE_class\JuJu\node_modules\@napi-rs\canvas\skia.l
inux-riscv64-gnu.node[39m[22m
    - [1m[36mC:\Gdrive\VIBE_class\JuJu\node_modules\@napi-rs\canvas\skia.l
inux-ppc64-gnu.node[39m[22m
    - [1m[36mC:\Gdrive\VIBE_class\JuJu\node_modules\@napi-rs\canvas\skia.l
inux-s390x-gnu.node[39m[22m
    - [1m[36mC:\Gdrive\VIBE_class\JuJu\node_modules\@napi-rs\canvas\skia.o
penharmony-arm64.node[39m[22m
    - [1m[36mC:\Gdrive\VIBE_class\JuJu\node_modules\@napi-rs\canvas\skia.o
penharmony-x64.node[39m[22m
    - [1m[36mC:\Gdrive\VIBE_class\JuJu\node_modules\@napi-rs\canvas\skia.w
asi.cjs[39m[22m
    - [1m[36mC:\Gdrive\VIBE_class\JuJu\node_modules\@napi-rs\canvas\skia.o
penharmony-arm.node[39m[22m
    - [1m[36m@napi-rs/canvas-android-arm-eabi[39m[22m
    - [1m[36m@napi-rs/canvas-android-arm64[39m[22m
    - [1m[36m@napi-rs/canvas-win32-x64-gnu[39m[22m
    - [1m[36m@napi-rs/canvas-win32-ia32-msvc[39m[22m
    - [1m[36m@napi-rs/canvas-win32-arm64-msvc[39m[22m
    - [1m[36m@napi-rs/canvas-darwin-universal[39m[22m
    - [1m[36m@napi-rs/canvas-darwin-x64[39m[22m
    - [1m[36m@napi-rs/canvas-darwin-arm64[39m[22m
    - [1m[36m@napi-rs/canvas-freebsd-x64[39m[22m
    - [1m[36m@napi-rs/canvas-freebsd-arm64[39m[22m
    - [1m[36m@napi-rs/canvas-linux-x64-musl[39m[22m
    - [1m[36m@napi-rs/canvas-linux-x64-gnu[39m[22m
    - [1m[36m@napi-rs/canvas-linux-arm64-musl[39m[22m
    - [1m[36m@napi-rs/canvas-linux-arm64-gnu[39m[22m
    - [1m[36m@napi-rs/canvas-linux-arm-musleabihf[39m[22m
    - [1m[36m@napi-rs/canvas-linux-loong64-musl[39m[22m
    - [1m[36m@napi-rs/canvas-linux-arm-gnueabihf[39m[22m
    - [1m[36m@napi-rs/canvas-linux-loong64-gnu[39m[22m
    - [1m[36m@napi-rs/canvas-linux-riscv64-musl[39m[22m
    - [1m[36m@napi-rs/canvas-linux-ppc64-gnu[39m[22m
    - [1m[36m@napi-rs/canvas-linux-riscv64-gnu[39m[22m
    - [1m[36m@napi-rs/canvas-linux-s390x-gnu[39m[22m
    - [1m[36m@napi-rs/canvas-openharmony-arm64[39m[22m
    - [1m[36m@napi-rs/canvas-openharmony-x64[39m[22m
    - [1m[36m@napi-rs/canvas-openharmony-arm[39m[22m
    - [1m[36m@napi-rs/canvas-wasm32-wasi[39m[22m
  node_modules\ws\lib\buffer-util.js
    - [1m[36mbufferutil[39m[22m
  node_modules\ws\lib\validation.js
    - [1m[36mutf-8-validate[39m[22m
[31merror during build:
Error: EPERM: operation not permitted, symlink '![-]\0.func' -> 'C:\Gdrive\V
IBE_class\JuJu\.vercel\output\functions\index.func'
    at Object.symlinkSync (node:fs:1879:11)
    at adapt (file:///C:/Gdrive/VIBE_class/JuJu/node_modules/@sveltejs/adapt
er-vercel/index.js:451:9)
    at async adapt (file:///C:/Gdrive/VIBE_class/JuJu/node_modules/@sveltejs
/kit/src/core/adapt/index.js:41:2)
    at async finalise (file:///C:/Gdrive/VIBE_class/JuJu/node_modules/@svelt
ejs/kit/src/exports/vite/index.js:1326:7)
    at async Object.handler (file:///C:/Gdrive/VIBE_class/JuJu/node_modules/
@sveltejs/kit/src/exports/vite/index.js:1357:5)
    at async PluginDriver.hookParallel (file:///C:/Gdrive/VIBE_class/JuJu/no
de_modules/rollup/dist/es/shared/node-entry.js:22426:17)
    at async Object.close (file:///C:/Gdrive/VIBE_class/JuJu/node_modules/ro
llup/dist/es/shared/node-entry.js:23445:13)
    at async buildEnvironment (file:///C:/Gdrive/VIBE_class/JuJu/node_module
s/vite/dist/node/chunks/config.js:33554:15)
    at async Object.build (file:///C:/Gdrive/VIBE_class/JuJu/node_modules/vi
te/dist/node/chunks/config.js:33899:19)
    at async Object.buildApp (file:///C:/Gdrive/VIBE_class/JuJu/node_modules
/vite/dist/node/chunks/config.js:33896:153)[39m
